mysql: [Warning] C:\Program Files\MySQL\MySQL Server 5.7\bin\mysql.exe: ignoring
 option '--no-beep' due to invalid value ''
Enter password: *****
Welcome to the MySQL monitor.  Commands end with ; or \g.
Your MySQL connection id is 13
Server version: 5.7.17-log MySQL Community Server (GPL)

Copyright (c) 2000, 2016, Oracle and/or its affiliates. All rights reserved.

Oracle is a registered trademark of Oracle Corporation and/or its
affiliates. Other names may be trademarks of their respective
owners.

Type 'help;' or '\h' for help. Type '\c' to clear the current input statement.

mysql> show databases;
+--------------------+
| Database           |
+--------------------+
| information_schema |
| mysql              |
| performance_schema |
| sakila             |
| sys                |
| world              |
+--------------------+
6 rows in set (0.00 sec)

mysql> create database inventory;
Query OK, 1 row affected (0.00 sec)

mysql> use inventory;
Database changed
mysql> show tables;
Empty set (0.00 sec)

mysql> create table person(
    -> id INT NOT NULL AUTO_INCREMENT,
    -> firstname VARCHAR(100) NOT NULL,
    -> middlename VARCHAR(100) NOT NULL,
    -> lastname VARCHAR(100) NOT NULL,
    -> PRIMARY KEY(id)
    -> );
Query OK, 0 rows affected (0.95 sec)

mysql> ALTER TABLE person AUTO_INCREMENT=1;
Query OK, 0 rows affected (0.20 sec)
Records: 0  Duplicates: 0  Warnings: 0
mysql> show tables;
+---------------------+
| Tables_in_inventory |
+---------------------+
| person              |
+---------------------+
1 row in set (0.00 sec)

mysql> ALTER TABLE person ADD ph_number VARCHAR(10) NOT NULL;
Query OK, 0 rows affected (1.09 sec)
Records: 0  Duplicates: 0  Warnings: 0

mysql> CREATE TABLE employee(
    -> id INT NOT NULL AUTO_INCREMENT,
    -> salary INT NOT NULL,
    -> address varchar(200) NOT NULL,
    -> dob DATE NOT NULL,
    -> PRIMARY KEY(id),
    -> FOREIGN KEY(id) REFERENCES person(id)
    -> );
Query OK, 0 rows affected (0.44 sec)

mysql> CREATE TABLE supplier(
    -> id INT NOT NULL AUTO_INCREMENT,
    -> email VARCHAR(100),
    -> PRIMARY KEY(id),
    -> FOREIGN KEY(id) REFERENCES person(id)
    -> );
Query OK, 0 rows affected (0.36 sec)

mysql> CREATE TABLE stock(
    -> pid INT NOT NULL AUTO_INCREMENT,
    -> pname VARCHAR(100) NOT NULL,
    -> qty INT NOT NULL,
    -> price INT NOT NULL,
    -> PRIMARY KEY(pid)
    -> );
Query OK, 0 rows affected (0.36 sec)

mysql> CREATE TABLE purchase(
    -> oid INT NOT NULL AUTO_INCREMENT,
    -> date_pur DATE NOT NULL,
    -> total_pur INT NOT NULL,
    -> PRIMARY KEY(oid)
    -> );
Query OK, 0 rows affected (0.27 sec)

mysql> CREATE TABLE product(
    -> pid INT NOT NULL AUTO_INCREMENT,
    -> pname VARCHAR(100),
    -> PRIMARY KEY(pid)
    -> );
Query OK, 0 rows affected (0.33 sec)

mysql> ALTER TABLE stock ADD FOREIGN KEY(pid) REFERENCES product(pid);
Query OK, 0 rows affected (0.67 sec)
Records: 0  Duplicates: 0  Warnings: 0

mysql> CREATE TABLE order(
    -> oid INT NOT NULL,
    -> pid INT NOT NULL,
    -> qty INT NOT NULL,
    -> price INT NOT NULL,
    -> PRIMARY KEY(oid,pid),
    -> FOREIGN KEY(oid) REFERENCES purchase(oid),
    -> FOREIGN KEY(pid) REFERENCES product(pid)
    -> );
Query OK, 0 rows affected (0.34 sec)

mysql> CREATE TABLE bill(
    -> bill_no INT NOT NULL AUTO_INCREMENT,
    -> bill_date DATE NOT NULL,
    -> bill_total INT NOT NULL,
    -> PRIMARY KEY(bill_no)
    -> );
Query OK, 0 rows affected (0.34 sec)

mysql> CREATE TABLE items(
    -> bill_no INT NOT NULL AUTO_INCREMENT,
    -> pname VARCHAR(100) NOT NULL,
    -> qty INT NOT NULL,
    -> price INT NOT NULL,
    -> PRIMARY KEY(bill_no,pname,price),
    -> FOREIGN KEY(bill_no) REFERENCES bill(bill_no)
    -> );
Query OK, 0 rows affected (0.34 sec)

mysql>